main.c:171:1:__io_putchar	16	static
main.c:175:6:HAL_ADC_ConvCpltCallback	16	static
main.c:180:6:init	88	static
main.c:229:5:log_Speed	24	static
main.c:252:6:log_Cal	48	static
main.c:302:6:sidemaker	8	static
main.c:318:6:driv_Log	16	static
main.c:326:6:stret	8	static
main.c:333:6:driv_log	24	static
main.c:443:6:angle_Control	40	static
main.c:456:6:mode	32	static
main.c:630:6:HAL_TIM_PeriodElapsedCallback	16	static
main.c:648:5:main	8	static
main.c:738:6:SystemClock_Config	88	static
main.c:782:13:MX_ADC1_Init	24	static
main.c:928:13:MX_I2C1_Init	8	static
main.c:962:13:MX_SPI3_Init	8	static
main.c:1000:13:MX_TIM1_Init	56	static
main.c:1050:13:MX_TIM3_Init	56	static
main.c:1099:13:MX_TIM4_Init	48	static
main.c:1148:13:MX_TIM6_Init	16	static
main.c:1186:13:MX_TIM8_Init	80	static
main.c:1250:13:MX_USART6_UART_Init	8	static
main.c:1281:13:MX_DMA_Init	16	static
main.c:1299:13:MX_GPIO_Init	48	static
main.c:1378:6:Error_Handler	4	static,ignoring_inline_asm
